// Jest Snapshot v1, https://goo.gl/fbAQLP

exports[`Given a AlertModal componet When it's rendered Then it should show always the same as snapshot 1`] = `
<section
  className="sc-bczRLJ iOWcRp"
>
  <p
    className="alert-modal"
  >
    text for test
  </p>
</section>
`;
