// Jest Snapshot v1, https://goo.gl/fbAQLP

exports[`Given a EditBeerFormPage component When it's rendered Then it sould show button to editBeer 1`] = `
<section
  className="sc-gsnTZi eGTtUg"
/>
`;
